// Vitest Snapshot v1, https://vitest.dev/guide/snapshot.html

exports[`ShareFolderProperties > styling > Edit and Resend buttons have outlined variant styling 1`] = `"css-1o1p4n2-StyledButton-pseudoClasses-buildPseudoRule-buildPseudoRule-buildPseudoRule-buildPseudoRule-buildPseudoRule-buildPseudoRule-buildPseudoRule-buildPseudoRule-pseudoClasses-pseudoClasses-buildPseudoRule-buildPseudoRule-buildPseudoRule-buildPseudoRule-buildPseudoRule-buildPseudoRule-buildPseudoRule-buildPseudoRule-pseudoClasses-pseudoClasses-buildPseudoRule-buildPseudoRule-buildPseudoRule-buildPseudoRule-buildPseudoRule-buildPseudoRule-buildPseudoRule-buildPseudoRule-pseudoClasses-StyledButton e3vfq553"`;

exports[`ShareFolderProperties > styling > Edit and Resend buttons have outlined variant styling 2`] = `"css-1o1p4n2-StyledButton-pseudoClasses-buildPseudoRule-buildPseudoRule-buildPseudoRule-buildPseudoRule-buildPseudoRule-buildPseudoRule-buildPseudoRule-buildPseudoRule-pseudoClasses-pseudoClasses-buildPseudoRule-buildPseudoRule-buildPseudoRule-buildPseudoRule-buildPseudoRule-buildPseudoRule-buildPseudoRule-buildPseudoRule-pseudoClasses-pseudoClasses-buildPseudoRule-buildPseudoRule-buildPseudoRule-buildPseudoRule-buildPseudoRule-buildPseudoRule-buildPseudoRule-buildPseudoRule-pseudoClasses-StyledButton e3vfq553"`;

exports[`ShareFolderProperties > styling > Revoke button has error color styling 1`] = `"css-830428-StyledButton-pseudoClasses-buildPseudoRule-buildPseudoRule-buildPseudoRule-buildPseudoRule-buildPseudoRule-buildPseudoRule-buildPseudoRule-buildPseudoRule-pseudoClasses-pseudoClasses-buildPseudoRule-buildPseudoRule-buildPseudoRule-buildPseudoRule-buildPseudoRule-buildPseudoRule-buildPseudoRule-buildPseudoRule-pseudoClasses-pseudoClasses-buildPseudoRule-buildPseudoRule-buildPseudoRule-buildPseudoRule-buildPseudoRule-buildPseudoRule-buildPseudoRule-buildPseudoRule-pseudoClasses-StyledButton e3vfq553"`;
